[attractor-pool] building size=16 dim=40 spinup_steps=20 seed=42
[attractor-pool] spinup 2/20
[attractor-pool] spinup 4/20
[attractor-pool] spinup 6/20
[attractor-pool] spinup 8/20
[attractor-pool] spinup 10/20
[attractor-pool] spinup 12/20
[attractor-pool] spinup 14/20
[attractor-pool] spinup 16/20
[attractor-pool] spinup 18/20
[attractor-pool] spinup 20/20
[attractor-pool] ready
difficulty trajectories per batch: 0:1, 1:1, 2:1, 3:1, 4:1, 5:1, 6:1, 7:1
Epoch   0 | RMSE 7.0401 | nl2 9.29926
Epoch   1 | RMSE 11.3430 | nl2 18.50941
Epoch   2 | RMSE 9.8269 | nl2 14.40996
Epoch   3 | RMSE 4.8127 | nl2 5.29473
Epoch   4 | RMSE 9.6703 | nl2 15.49620
Epoch   5 | RMSE 3.7121 | nl2 3.01989
Epoch   6 | RMSE 10.4307 | nl2 16.80817
Epoch   7 | RMSE 8.0910 | nl2 13.44422
Epoch   8 | RMSE 2.4925 | nl2 0.96767
Epoch   9 | RMSE 8.6092 | nl2 11.53523
Epoch  10 | RMSE 5.1725 | nl2 4.42739
Epoch  11 | RMSE 5.5351 | nl2 5.50734
Epoch  12 | RMSE 11.6473 | nl2 21.51373
Epoch  13 | RMSE 2.3204 | nl2 1.04023
Epoch  14 | RMSE 3.3732 | nl2 2.02818
Epoch  15 | RMSE 11.6548 | nl2 21.25045
Epoch  16 | RMSE 11.0377 | nl2 17.27756
Epoch  17 | RMSE 10.3977 | nl2 15.59265
Epoch  18 | RMSE 0.9384 | nl2 0.12867
Epoch  19 | RMSE 3.8119 | nl2 2.76236
Epoch  20 | RMSE 7.5439 | nl2 9.20386
Epoch  21 | RMSE 5.5061 | nl2 5.08040
Epoch  22 | RMSE 3.9676 | nl2 2.67114
Epoch  23 | RMSE 7.9738 | nl2 10.61887
Epoch  24 | RMSE 6.2290 | nl2 7.19507
Epoch  25 | RMSE 6.5305 | nl2 7.02452
Epoch  26 | RMSE 1.6144 | nl2 0.47658
Epoch  27 | RMSE 3.7160 | nl2 2.87103
Epoch  28 | RMSE 9.5792 | nl2 14.12126
Epoch  29 | RMSE 8.9904 | nl2 12.76447
Epoch  30 | RMSE 2.1456 | nl2 0.70251
Epoch  31 | RMSE 4.6612 | nl2 4.34360
Epoch  32 | RMSE 9.7133 | nl2 14.70599
Epoch  33 | RMSE 3.6717 | nl2 3.69702
Epoch  34 | RMSE 9.3693 | nl2 13.97998
Epoch  35 | RMSE 8.1435 | nl2 11.54594
Epoch  36 | RMSE 3.8085 | nl2 2.37070
Epoch  37 | RMSE 3.6644 | nl2 2.46015
Epoch  38 | RMSE 11.5748 | nl2 20.28568
Epoch  39 | RMSE 7.8308 | nl2 11.01594
Epoch  40 | RMSE 11.0029 | nl2 22.41373
Epoch  41 | RMSE 15.3141 | nl2 33.81448
Epoch  42 | RMSE 16.3919 | nl2 42.72678
Epoch  43 | RMSE 12.3698 | nl2 22.94681
Epoch  44 | RMSE 10.4044 | nl2 16.00228
Epoch  45 | RMSE 10.1202 | nl2 19.39781
Epoch  46 | RMSE 8.9438 | nl2 14.26770
Epoch  47 | RMSE 9.1621 | nl2 14.91396
Epoch  48 | RMSE 7.7443 | nl2 12.84978
Epoch  49 | RMSE 9.7022 | nl2 14.83504
Epoch  50 | RMSE 3.6937 | nl2 2.99549
Epoch  51 | RMSE 0.8753 | nl2 0.11074
Epoch  52 | RMSE 0.4388 | nl2 0.02789
Epoch  53 | RMSE 1.8357 | nl2 0.78936
Epoch  54 | RMSE 0.4748 | nl2 0.03244
Epoch  55 | RMSE 0.4072 | nl2 0.02430
Epoch  56 | RMSE 0.4445 | nl2 0.02818
Epoch  57 | RMSE 0.4550 | nl2 0.03023
Epoch  58 | RMSE 0.3380 | nl2 0.01652
Epoch  59 | RMSE 0.3626 | nl2 0.01888
Epoch  60 | RMSE 0.3346 | nl2 0.01596
Epoch  61 | RMSE 0.3576 | nl2 0.01829
Epoch  62 | RMSE 0.3452 | nl2 0.01714
Epoch  63 | RMSE 0.2803 | nl2 0.01152
Epoch  64 | RMSE 0.3487 | nl2 0.01736
Epoch  65 | RMSE 0.3148 | nl2 0.01407
Epoch  66 | RMSE 0.3468 | nl2 0.01766
Epoch  67 | RMSE 0.2838 | nl2 0.01205
Epoch  68 | RMSE 0.2969 | nl2 0.01297
Epoch  69 | RMSE 0.3583 | nl2 0.01857
Epoch  70 | RMSE 0.3203 | nl2 0.01477
Epoch  71 | RMSE 0.2955 | nl2 0.01270
Epoch  72 | RMSE 0.2949 | nl2 0.01234
Epoch  73 | RMSE 0.2578 | nl2 0.01023
Epoch  74 | RMSE 0.4101 | nl2 0.02429
Epoch  75 | RMSE 0.3317 | nl2 0.01609
Epoch  76 | RMSE 0.3091 | nl2 0.01375
Epoch  77 | RMSE 0.3077 | nl2 0.01342
Epoch  78 | RMSE 0.3192 | nl2 0.01501
Epoch  79 | RMSE 0.3352 | nl2 0.01616
Epoch  80 | RMSE 0.2985 | nl2 0.01327
Epoch  81 | RMSE 0.2871 | nl2 0.01219
Epoch  82 | RMSE 0.2770 | nl2 0.01127
Epoch  83 | RMSE 0.3242 | nl2 0.01548
Epoch  84 | RMSE 0.3380 | nl2 0.01662
Epoch  85 | RMSE 0.2504 | nl2 0.00936
Epoch  86 | RMSE 0.3045 | nl2 0.01345
Epoch  87 | RMSE 0.3047 | nl2 0.01355
Epoch  88 | RMSE 0.2692 | nl2 0.01078
Epoch  89 | RMSE 0.2714 | nl2 0.01090
Epoch  90 | RMSE 0.2863 | nl2 0.01216
Epoch  91 | RMSE 0.2949 | nl2 0.01270
Epoch  92 | RMSE 0.3224 | nl2 0.01466
Epoch  93 | RMSE 0.3187 | nl2 0.01473
Epoch  94 | RMSE 0.3234 | nl2 0.01491
Epoch  95 | RMSE 0.2619 | nl2 0.01040
Epoch  96 | RMSE 0.3139 | nl2 0.01422
Epoch  97 | RMSE 0.2982 | nl2 0.01303
Epoch  98 | RMSE 0.3067 | nl2 0.01350
Epoch  99 | RMSE 0.2546 | nl2 0.00973
Epoch 100 | RMSE 0.4119 | nl2 0.02462
Epoch 101 | RMSE 0.2616 | nl2 0.01009
Epoch 102 | RMSE 0.3647 | nl2 0.01901
Epoch 103 | RMSE 0.2813 | nl2 0.01140
Epoch 104 | RMSE 0.3204 | nl2 0.01472
Epoch 105 | RMSE 0.3136 | nl2 0.01406
Epoch 106 | RMSE 0.2997 | nl2 0.01316
Epoch 107 | RMSE 0.3237 | nl2 0.01500
Epoch 108 | RMSE 0.2792 | nl2 0.01153
Epoch 109 | RMSE 0.3626 | nl2 0.01850
Epoch 110 | RMSE 0.3026 | nl2 0.01340
Epoch 111 | RMSE 0.3010 | nl2 0.01315
Epoch 112 | RMSE 0.2779 | nl2 0.01125
Epoch 113 | RMSE 0.2558 | nl2 0.00974
Epoch 114 | RMSE 0.3621 | nl2 0.01870
Epoch 115 | RMSE 0.2665 | nl2 0.01067
Epoch 116 | RMSE 0.3162 | nl2 0.01436
Epoch 117 | RMSE 0.2476 | nl2 0.00891
Epoch 118 | RMSE 0.2668 | nl2 0.01055
Epoch 119 | RMSE 0.2454 | nl2 0.00898
Epoch 120 | RMSE 0.2661 | nl2 0.01025
Epoch 121 | RMSE 0.3601 | nl2 0.01855
Epoch 122 | RMSE 0.2719 | nl2 0.01079
Epoch 123 | RMSE 0.2841 | nl2 0.01183
Epoch 124 | RMSE 0.2791 | nl2 0.01164
Epoch 125 | RMSE 0.3284 | nl2 0.01535
Epoch 126 | RMSE 0.2711 | nl2 0.01075
Epoch 127 | RMSE 0.3043 | nl2 0.01370
Epoch 128 | RMSE 0.3293 | nl2 0.01511
Epoch 129 | RMSE 0.2896 | nl2 0.01231
Epoch 130 | RMSE 0.2884 | nl2 0.01213
Epoch 131 | RMSE 0.2885 | nl2 0.01230
Epoch 132 | RMSE 0.3130 | nl2 0.01396
Epoch 133 | RMSE 0.3008 | nl2 0.01298
Epoch 134 | RMSE 0.2854 | nl2 0.01206
Epoch 135 | RMSE 0.2492 | nl2 0.00925
Epoch 136 | RMSE 0.2841 | nl2 0.01159
Epoch 137 | RMSE 0.2639 | nl2 0.01023
Epoch 138 | RMSE 0.2550 | nl2 0.00982
Epoch 139 | RMSE 0.3017 | nl2 0.01309
Epoch 140 | RMSE 0.3214 | nl2 0.01483
Epoch 141 | RMSE 0.2306 | nl2 0.00795
Epoch 142 | RMSE 0.3083 | nl2 0.01370
Epoch 143 | RMSE 0.3112 | nl2 0.01431
Epoch 144 | RMSE 0.3093 | nl2 0.01405
Epoch 145 | RMSE 0.3271 | nl2 0.01555
Epoch 146 | RMSE 0.2750 | nl2 0.01120
Epoch 147 | RMSE 0.2979 | nl2 0.01271
Epoch 148 | RMSE 0.3481 | nl2 0.01764
Epoch 149 | RMSE 0.2730 | nl2 0.01085
